# === START DER CHIP-SIMULATION ===
# ** Warning: NUMERIC_STD."<": metavalue detected, returning FALSE
#    Time: 0 ps  Iteration: 0  Instance: /a1200_tb/uut
# ** Warning: NUMERIC_STD.TO_INTEGER: metavalue detected, returning 0
#    Time: 10 ns  Iteration: 1  Instance: /a1200_tb/uut
# ** Warning: NUMERIC_STD."<": metavalue detected, returning FALSE
#    Time: 10 ns  Iteration: 2  Instance: /a1200_tb/uut
# ** Warning: NUMERIC_STD.TO_INTEGER: metavalue detected, returning 0
#    Time: 30 ns  Iteration: 1  Instance: /a1200_tb/uut
# ** Warning: NUMERIC_STD.TO_INTEGER: metavalue detected, returning 0
#    Time: 50 ns  Iteration: 1  Instance: /a1200_tb/uut
# ** Warning: NUMERIC_STD.TO_INTEGER: metavalue detected, returning 0
#    Time: 70 ns  Iteration: 1  Instance: /a1200_tb/uut
# ** Warning: NUMERIC_STD.TO_INTEGER: metavalue detected, returning 0
#    Time: 90 ns  Iteration: 1  Instance: /a1200_tb/uut
# ** Warning: NUMERIC_STD."<": metavalue detected, returning FALSE
#    Time: 100 ns  Iteration: 1  Instance: /a1200_tb/uut
# ** Warning: NUMERIC_STD.TO_INTEGER: metavalue detected, returning 0
#    Time: 110 ns  Iteration: 1  Instance: /a1200_tb/uut
# ** Warning: NUMERIC_STD.TO_INTEGER: metavalue detected, returning 0
#    Time: 130 ns  Iteration: 1  Instance: /a1200_tb/uut
# ** Warning: NUMERIC_STD.TO_INTEGER: metavalue detected, returning 0
#    Time: 150 ns  Iteration: 1  Instance: /a1200_tb/uut
# ** Warning: NUMERIC_STD.TO_INTEGER: metavalue detected, returning 0
#    Time: 170 ns  Iteration: 1  Instance: /a1200_tb/uut
# ** Warning: NUMERIC_STD.TO_INTEGER: metavalue detected, returning 0
#    Time: 190 ns  Iteration: 1  Instance: /a1200_tb/uut
# ** Warning: NUMERIC_STD.TO_INTEGER: metavalue detected, returning 0
#    Time: 210 ns  Iteration: 1  Instance: /a1200_tb/uut
# ** Warning: NUMERIC_STD.TO_INTEGER: metavalue detected, returning 0
#    Time: 230 ns  Iteration: 1  Instance: /a1200_tb/uut
# ** Warning: NUMERIC_STD.TO_INTEGER: metavalue detected, returning 0
#    Time: 250 ns  Iteration: 1  Instance: /a1200_tb/uut
# ** Warning: NUMERIC_STD.TO_INTEGER: metavalue detected, returning 0
#    Time: 270 ns  Iteration: 1  Instance: /a1200_tb/uut
# ** Warning: NUMERIC_STD.TO_INTEGER: metavalue detected, returning 0
#    Time: 290 ns  Iteration: 1  Instance: /a1200_tb/uut
# ** Warning: NUMERIC_STD.TO_INTEGER: metavalue detected, returning 0
#    Time: 310 ns  Iteration: 1  Instance: /a1200_tb/uut
# ** Warning: NUMERIC_STD.TO_INTEGER: metavalue detected, returning 0
#    Time: 330 ns  Iteration: 1  Instance: /a1200_tb/uut
# ** Warning: NUMERIC_STD.TO_INTEGER: metavalue detected, returning 0
#    Time: 350 ns  Iteration: 1  Instance: /a1200_tb/uut
# ** Warning: NUMERIC_STD.TO_INTEGER: metavalue detected, returning 0
#    Time: 370 ns  Iteration: 1  Instance: /a1200_tb/uut
# ** Warning: NUMERIC_STD.TO_INTEGER: metavalue detected, returning 0
#    Time: 390 ns  Iteration: 1  Instance: /a1200_tb/uut
# ** Warning: NUMERIC_STD.TO_INTEGER: metavalue detected, returning 0
#    Time: 410 ns  Iteration: 1  Instance: /a1200_tb/uut
# ** Warning: NUMERIC_STD.TO_INTEGER: metavalue detected, returning 0
#    Time: 430 ns  Iteration: 1  Instance: /a1200_tb/uut
# ** Warning: NUMERIC_STD.TO_INTEGER: metavalue detected, returning 0
#    Time: 450 ns  Iteration: 1  Instance: /a1200_tb/uut
# ** Warning: NUMERIC_STD.TO_INTEGER: metavalue detected, returning 0
#    Time: 470 ns  Iteration: 1  Instance: /a1200_tb/uut
# ** Warning: NUMERIC_STD.TO_INTEGER: metavalue detected, returning 0
#    Time: 490 ns  Iteration: 1  Instance: /a1200_tb/uut
# ** Warning: NUMERIC_STD.TO_INTEGER: metavalue detected, returning 0
#    Time: 510 ns  Iteration: 1  Instance: /a1200_tb/uut
# ** Warning: NUMERIC_STD.TO_INTEGER: metavalue detected, returning 0
#    Time: 530 ns  Iteration: 1  Instance: /a1200_tb/uut
# ** Warning: NUMERIC_STD.TO_INTEGER: metavalue detected, returning 0
#    Time: 550 ns  Iteration: 1  Instance: /a1200_tb/uut
# ** Warning: NUMERIC_STD.TO_INTEGER: metavalue detected, returning 0
#    Time: 570 ns  Iteration: 1  Instance: /a1200_tb/uut
# ** Warning: NUMERIC_STD.TO_INTEGER: metavalue detected, returning 0
#    Time: 590 ns  Iteration: 1  Instance: /a1200_tb/uut
# ** Warning: NUMERIC_STD.TO_INTEGER: metavalue detected, returning 0
#    Time: 610 ns  Iteration: 1  Instance: /a1200_tb/uut
# ** Warning: NUMERIC_STD.TO_INTEGER: metavalue detected, returning 0
#    Time: 630 ns  Iteration: 1  Instance: /a1200_tb/uut
# ** Warning: NUMERIC_STD.TO_INTEGER: metavalue detected, returning 0
#    Time: 650 ns  Iteration: 1  Instance: /a1200_tb/uut
# ** Warning: NUMERIC_STD.TO_INTEGER: metavalue detected, returning 0
#    Time: 670 ns  Iteration: 1  Instance: /a1200_tb/uut
# ** Warning: NUMERIC_STD.TO_INTEGER: metavalue detected, returning 0
#    Time: 690 ns  Iteration: 1  Instance: /a1200_tb/uut
# ** Warning: NUMERIC_STD.TO_INTEGER: metavalue detected, returning 0
#    Time: 710 ns  Iteration: 1  Instance: /a1200_tb/uut
# ** Warning: NUMERIC_STD.TO_INTEGER: metavalue detected, returning 0
#    Time: 730 ns  Iteration: 1  Instance: /a1200_tb/uut
# ** Warning: NUMERIC_STD.TO_INTEGER: metavalue detected, returning 0
#    Time: 750 ns  Iteration: 1  Instance: /a1200_tb/uut
# ** Warning: NUMERIC_STD.TO_INTEGER: metavalue detected, returning 0
#    Time: 770 ns  Iteration: 1  Instance: /a1200_tb/uut
# ** Warning: NUMERIC_STD.TO_INTEGER: metavalue detected, returning 0
#    Time: 790 ns  Iteration: 1  Instance: /a1200_tb/uut
# ** Warning: NUMERIC_STD.TO_INTEGER: metavalue detected, returning 0
#    Time: 810 ns  Iteration: 1  Instance: /a1200_tb/uut
# ** Warning: NUMERIC_STD.TO_INTEGER: metavalue detected, returning 0
#    Time: 830 ns  Iteration: 1  Instance: /a1200_tb/uut
# ** Warning: NUMERIC_STD.TO_INTEGER: metavalue detected, returning 0
#    Time: 850 ns  Iteration: 1  Instance: /a1200_tb/uut
# ** Warning: NUMERIC_STD.TO_INTEGER: metavalue detected, returning 0
#    Time: 870 ns  Iteration: 1  Instance: /a1200_tb/uut
# ** Warning: NUMERIC_STD.TO_INTEGER: metavalue detected, returning 0
#    Time: 890 ns  Iteration: 1  Instance: /a1200_tb/uut
# ** Warning: NUMERIC_STD.TO_INTEGER: metavalue detected, returning 0
#    Time: 910 ns  Iteration: 1  Instance: /a1200_tb/uut
# ** Warning: NUMERIC_STD.TO_INTEGER: metavalue detected, returning 0
#    Time: 930 ns  Iteration: 1  Instance: /a1200_tb/uut
# ** Warning: NUMERIC_STD.TO_INTEGER: metavalue detected, returning 0
#    Time: 950 ns  Iteration: 1  Instance: /a1200_tb/uut
# ** Warning: NUMERIC_STD.TO_INTEGER: metavalue detected, returning 0
#    Time: 970 ns  Iteration: 1  Instance: /a1200_tb/uut
# ** Warning: NUMERIC_STD.TO_INTEGER: metavalue detected, returning 0
#    Time: 990 ns  Iteration: 1  Instance: /a1200_tb/uut
