Analysis & Synthesis report for A1200_NG
Wed Aug 19 23:06:41 2026
Quartus Prime Version 17.0.2 Build 602 07/19/2017 SJ Lite Edition


---------------------
; Table of Contents ;
---------------------
  1. Legal Notice
  2. Analysis & Synthesis Summary
  3. Analysis & Synthesis Settings
  4. Parallel Compilation
  5. Analysis & Synthesis Messages
  6. Analysis & Synthesis Suppressed Messages



----------------
; Legal Notice ;
----------------
Copyright (C) 2017  Intel Corporation. All rights reserved.
Your use of Intel Corporation's design tools, logic functions 
and other software and tools, and its AMPP partner logic 
functions, and any output files from any of the foregoing 
(including device programming or simulation files), and any 
associated documentation or information are expressly subject 
to the terms and conditions of the Intel Program License 
Subscription Agreement, the Intel Quartus Prime License Agreement,
the Intel MegaCore Function License Agreement, or other 
applicable license agreement, including, without limitation, 
that your use is for the sole purpose of programming logic 
devices manufactured by Intel and sold by Intel or its 
authorized distributors.  Please refer to the applicable 
agreement for further details.



+---------------------------------------------------------------------------+
; Analysis & Synthesis Summary                                              ;
+-----------------------------+---------------------------------------------+
; Analysis & Synthesis Status ; Failed - Wed Aug 19 23:06:41 2026           ;
; Quartus Prime Version       ; 17.0.2 Build 602 07/19/2017 SJ Lite Edition ;
; Revision Name               ; A1200_NG                                    ;
; Top-level Entity Name       ; sys_top                                     ;
; Family                      ; Cyclone V                                   ;
; Logic utilization (in ALMs) ; N/A until Partition Merge                   ;
; Total registers             ; N/A until Partition Merge                   ;
; Total pins                  ; N/A until Partition Merge                   ;
; Total virtual pins          ; N/A until Partition Merge                   ;
; Total block memory bits     ; N/A until Partition Merge                   ;
; Total PLLs                  ; N/A until Partition Merge                   ;
; Total DLLs                  ; N/A until Partition Merge                   ;
+-----------------------------+---------------------------------------------+


+---------------------------------------------------------------------------------------------------------------------------+
; Analysis & Synthesis Settings                                                                                             ;
+---------------------------------------------------------------------------------+--------------------+--------------------+
; Option                                                                          ; Setting            ; Default Value      ;
+---------------------------------------------------------------------------------+--------------------+--------------------+
; Device                                                                          ; 5CSEBA6U23I7       ;                    ;
; Top-level entity name                                                           ; sys_top            ; A1200_NG           ;
; Family name                                                                     ; Cyclone V          ; Cyclone V          ;
; Use smart compilation                                                           ; On                 ; Off                ;
; Maximum processors allowed for parallel compilation                             ; All                ;                    ;
; Restructure Multiplexers                                                        ; On                 ; Auto               ;
; Preserve fewer node names                                                       ; Off                ; On                 ;
; Remove Redundant Logic Cells                                                    ; On                 ; Off                ;
; Optimization Technique                                                          ; Speed              ; Balanced           ;
; Perform WYSIWYG Primitive Resynthesis                                           ; On                 ; Off                ;
; Auto Gated Clock Conversion                                                     ; On                 ; Off                ;
; Pre-Mapping Resynthesis Optimization                                            ; On                 ; Off                ;
; Enable parallel Assembler and TimeQuest Timing Analyzer during compilation      ; On                 ; On                 ;
; Enable compact report table                                                     ; Off                ; Off                ;
; MLAB Add Timing Constraints For Mixed-Port Feed-Through Mode Setting Don't Care ; Off                ; Off                ;
; Create Debugging Nodes for IP Cores                                             ; Off                ; Off                ;
; OpenCore Plus hardware evaluation                                               ; Enable             ; Enable             ;
; Verilog Version                                                                 ; Verilog_2001       ; Verilog_2001       ;
; VHDL Version                                                                    ; VHDL_1993          ; VHDL_1993          ;
; State Machine Processing                                                        ; Auto               ; Auto               ;
; Safe State Machine                                                              ; Off                ; Off                ;
; Extract Verilog State Machines                                                  ; On                 ; On                 ;
; Extract VHDL State Machines                                                     ; On                 ; On                 ;
; Ignore Verilog initial constructs                                               ; Off                ; Off                ;
; Iteration limit for constant Verilog loops                                      ; 5000               ; 5000               ;
; Iteration limit for non-constant Verilog loops                                  ; 250                ; 250                ;
; Add Pass-Through Logic to Inferred RAMs                                         ; On                 ; On                 ;
; Infer RAMs from Raw Logic                                                       ; On                 ; On                 ;
; Parallel Synthesis                                                              ; On                 ; On                 ;
; DSP Block Balancing                                                             ; Auto               ; Auto               ;
; NOT Gate Push-Back                                                              ; On                 ; On                 ;
; Power-Up Don't Care                                                             ; On                 ; On                 ;
; Remove Duplicate Registers                                                      ; On                 ; On                 ;
; Ignore CARRY Buffers                                                            ; Off                ; Off                ;
; Ignore CASCADE Buffers                                                          ; Off                ; Off                ;
; Ignore GLOBAL Buffers                                                           ; Off                ; Off                ;
; Ignore ROW GLOBAL Buffers                                                       ; Off                ; Off                ;
; Ignore LCELL Buffers                                                            ; Off                ; Off                ;
; Ignore SOFT Buffers                                                             ; On                 ; On                 ;
; Limit AHDL Integers to 32 Bits                                                  ; Off                ; Off                ;
; Carry Chain Length                                                              ; 70                 ; 70                 ;
; Auto Carry Chains                                                               ; On                 ; On                 ;
; Auto Open-Drain Pins                                                            ; On                 ; On                 ;
; Auto ROM Replacement                                                            ; On                 ; On                 ;
; Auto RAM Replacement                                                            ; On                 ; On                 ;
; Auto DSP Block Replacement                                                      ; On                 ; On                 ;
; Auto Shift Register Replacement                                                 ; Auto               ; Auto               ;
; Allow Shift Register Merging across Hierarchies                                 ; Auto               ; Auto               ;
; Auto Clock Enable Replacement                                                   ; On                 ; On                 ;
; Strict RAM Replacement                                                          ; Off                ; Off                ;
; Allow Synchronous Control Signals                                               ; On                 ; On                 ;
; Force Use of Synchronous Clear Signals                                          ; Off                ; Off                ;
; Auto Resource Sharing                                                           ; Off                ; Off                ;
; Allow Any RAM Size For Recognition                                              ; Off                ; Off                ;
; Allow Any ROM Size For Recognition                                              ; Off                ; Off                ;
; Allow Any Shift Register Size For Recognition                                   ; Off                ; Off                ;
; Use LogicLock Constraints during Resource Balancing                             ; On                 ; On                 ;
; Ignore translate_off and synthesis_off directives                               ; Off                ; Off                ;
; Timing-Driven Synthesis                                                         ; On                 ; On                 ;
; Report Parameter Settings                                                       ; On                 ; On                 ;
; Report Source Assignments                                                       ; On                 ; On                 ;
; Report Connectivity Checks                                                      ; On                 ; On                 ;
; Ignore Maximum Fan-Out Assignments                                              ; Off                ; Off                ;
; Synchronization Register Chain Length                                           ; 3                  ; 3                  ;
; PowerPlay Power Optimization During Synthesis                                   ; Normal compilation ; Normal compilation ;
; HDL message level                                                               ; Level2             ; Level2             ;
; Suppress Register Optimization Related Messages                                 ; Off                ; Off                ;
; Number of Removed Registers Reported in Synthesis Report                        ; 5000               ; 5000               ;
; Number of Swept Nodes Reported in Synthesis Report                              ; 5000               ; 5000               ;
; Number of Inverted Registers Reported in Synthesis Report                       ; 100                ; 100                ;
; Clock MUX Protection                                                            ; On                 ; On                 ;
; Block Design Naming                                                             ; Auto               ; Auto               ;
; SDC constraint protection                                                       ; Off                ; Off                ;
; Synthesis Effort                                                                ; Auto               ; Auto               ;
; Shift Register Replacement - Allow Asynchronous Clear Signal                    ; On                 ; On                 ;
; Analysis & Synthesis Message Level                                              ; Medium             ; Medium             ;
; Disable Register Merging Across Hierarchies                                     ; Auto               ; Auto               ;
; Resource Aware Inference For Block RAM                                          ; On                 ; On                 ;
; Automatic Parallel Synthesis                                                    ; On                 ; On                 ;
; Partial Reconfiguration Bitstream ID                                            ; Off                ; Off                ;
+---------------------------------------------------------------------------------+--------------------+--------------------+


+------------------------------------------+
; Parallel Compilation                     ;
+----------------------------+-------------+
; Processors                 ; Number      ;
+----------------------------+-------------+
; Number detected on machine ; 32          ;
; Maximum allowed            ; 16          ;
;                            ;             ;
; Average used               ; 1.00        ;
; Maximum used               ; 1           ;
;                            ;             ;
; Usage by Processor         ; % Time Used ;
;     Processor 1            ; 100.0%      ;
+----------------------------+-------------+


+-------------------------------+
; Analysis & Synthesis Messages ;
+-------------------------------+
Info: *******************************************************************
Info: Running Quartus Prime Analysis & Synthesis
    Info: Version 17.0.2 Build 602 07/19/2017 SJ Lite Edition
    Info: Processing started: Wed Aug 19 23:06:33 2026
Info: Command: quartus_map --read_settings_files=on --write_settings_files=off A1200_NG -c A1200_NG
Info (16303): High Performance Effort optimization mode selected -- timing performance will be prioritized at the potential cost of increased compilation time
Info (20030): Parallel compilation is enabled and will use 16 of the 32 processors detected
Info (12021): Found 1 design units, including 1 entities, in source file rtl/pll.v
    Info (12023): Found entity 1: pll File: C:/Users/nxo5/Documents/A1200_NG/rtl/pll.v Line: 8
Info (12021): Found 1 design units, including 1 entities, in source file rtl/pll/pll_0002.v
    Info (12023): Found entity 1: pll_0002 File: C:/Users/nxo5/Documents/A1200_NG/rtl/pll/pll_0002.v Line: 2
Info (12021): Found 1 design units, including 1 entities, in source file sys/pll_hdmi.v
    Info (12023): Found entity 1: pll_hdmi File: C:/Users/nxo5/Documents/A1200_NG/sys/pll_hdmi.v Line: 8
Info (12021): Found 1 design units, including 1 entities, in source file sys/pll_hdmi/pll_hdmi_0002.v
    Info (12023): Found entity 1: pll_hdmi_0002 File: C:/Users/nxo5/Documents/A1200_NG/sys/pll_hdmi/pll_hdmi_0002.v Line: 2
Info (12021): Found 1 design units, including 1 entities, in source file sys/pll_audio.v
    Info (12023): Found entity 1: pll_audio File: C:/Users/nxo5/Documents/A1200_NG/sys/pll_audio.v Line: 8
Info (12021): Found 1 design units, including 1 entities, in source file sys/pll_audio/pll_audio_0002.v
    Info (12023): Found entity 1: pll_audio_0002 File: C:/Users/nxo5/Documents/A1200_NG/sys/pll_audio/pll_audio_0002.v Line: 2
Info (12021): Found 1 design units, including 1 entities, in source file sys/pll_cfg/pll_cfg.v
    Info (12023): Found entity 1: pll_cfg File: C:/Users/nxo5/Documents/A1200_NG/sys/pll_cfg/pll_cfg.v Line: 8
Info (12021): Found 1 design units, including 1 entities, in source file sys/pll_cfg/pll_cfg_hdmi.v
    Info (12023): Found entity 1: pll_cfg_hdmi File: C:/Users/nxo5/Documents/A1200_NG/sys/pll_cfg/pll_cfg_hdmi.v Line: 16
Info (12021): Found 1 design units, including 1 entities, in source file sys/pll_cfg/altera_pll_reconfig_top.v
    Info (12023): Found entity 1: altera_pll_reconfig_top File: C:/Users/nxo5/Documents/A1200_NG/sys/pll_cfg/altera_pll_reconfig_top.v Line: 16
Info (12021): Found 6 design units, including 6 entities, in source file sys/pll_cfg/altera_pll_reconfig_core.v
    Info (12023): Found entity 1: altera_pll_reconfig_core File: C:/Users/nxo5/Documents/A1200_NG/sys/pll_cfg/altera_pll_reconfig_core.v Line: 16
    Info (12023): Found entity 2: self_reset File: C:/Users/nxo5/Documents/A1200_NG/sys/pll_cfg/altera_pll_reconfig_core.v Line: 1691
    Info (12023): Found entity 3: dprio_mux File: C:/Users/nxo5/Documents/A1200_NG/sys/pll_cfg/altera_pll_reconfig_core.v Line: 1739
    Info (12023): Found entity 4: fpll_dprio_init File: C:/Users/nxo5/Documents/A1200_NG/sys/pll_cfg/altera_pll_reconfig_core.v Line: 1789
    Info (12023): Found entity 5: dyn_phase_shift File: C:/Users/nxo5/Documents/A1200_NG/sys/pll_cfg/altera_pll_reconfig_core.v Line: 1884
    Info (12023): Found entity 6: generic_lcell_comb File: C:/Users/nxo5/Documents/A1200_NG/sys/pll_cfg/altera_pll_reconfig_core.v Line: 2112
Info (12021): Found 3 design units, including 3 entities, in source file sys/sys_top.v
    Info (12023): Found entity 1: sys_top File: C:/Users/nxo5/Documents/A1200_NG/sys/sys_top.v Line: 22
    Info (12023): Found entity 2: sync_fix File: C:/Users/nxo5/Documents/A1200_NG/sys/sys_top.v Line: 1882
    Info (12023): Found entity 3: csync File: C:/Users/nxo5/Documents/A1200_NG/sys/sys_top.v Line: 1914
Info (12021): Found 2 design units, including 1 entities, in source file sys/ascal.vhd
    Info (12022): Found design unit 1: ascal-rtl File: C:/Users/nxo5/Documents/A1200_NG/sys/ascal.vhd Line: 269
    Info (12023): Found entity 1: ascal File: C:/Users/nxo5/Documents/A1200_NG/sys/ascal.vhd Line: 114
Info (12021): Found 2 design units, including 1 entities, in source file sys/pll_hdmi_adj.vhd
    Info (12022): Found design unit 1: pll_hdmi_adj-rtl File: C:/Users/nxo5/Documents/A1200_NG/sys/pll_hdmi_adj.vhd Line: 53
    Info (12023): Found entity 1: pll_hdmi_adj File: C:/Users/nxo5/Documents/A1200_NG/sys/pll_hdmi_adj.vhd Line: 21
Info (12021): Found 3 design units, including 3 entities, in source file sys/math.sv
    Info (12023): Found entity 1: sys_udiv File: C:/Users/nxo5/Documents/A1200_NG/sys/math.sv Line: 3
    Info (12023): Found entity 2: sys_umul File: C:/Users/nxo5/Documents/A1200_NG/sys/math.sv Line: 46
    Info (12023): Found entity 3: sys_umuldiv File: C:/Users/nxo5/Documents/A1200_NG/sys/math.sv Line: 85
Info (12021): Found 5 design units, including 5 entities, in source file sys/hq2x.sv
    Info (12023): Found entity 1: Hq2x File: C:/Users/nxo5/Documents/A1200_NG/sys/hq2x.sv Line: 13
    Info (12023): Found entity 2: hq2x_in File: C:/Users/nxo5/Documents/A1200_NG/sys/hq2x.sv Line: 226
    Info (12023): Found entity 3: hq2x_buf File: C:/Users/nxo5/Documents/A1200_NG/sys/hq2x.sv Line: 250
    Info (12023): Found entity 4: DiffCheck File: C:/Users/nxo5/Documents/A1200_NG/sys/hq2x.sv Line: 271
    Info (12023): Found entity 5: Blend File: C:/Users/nxo5/Documents/A1200_NG/sys/hq2x.sv Line: 298
Info (12021): Found 1 design units, including 1 entities, in source file sys/scandoubler.v
    Info (12023): Found entity 1: scandoubler File: C:/Users/nxo5/Documents/A1200_NG/sys/scandoubler.v Line: 22
Info (12021): Found 1 design units, including 1 entities, in source file sys/scanlines.v
    Info (12023): Found entity 1: scanlines File: C:/Users/nxo5/Documents/A1200_NG/sys/scanlines.v Line: 1
Info (12021): Found 1 design units, including 1 entities, in source file sys/shadowmask.sv
    Info (12023): Found entity 1: shadowmask File: C:/Users/nxo5/Documents/A1200_NG/sys/shadowmask.sv Line: 1
Info (12021): Found 2 design units, including 2 entities, in source file sys/video_cleaner.sv
    Info (12023): Found entity 1: video_cleaner File: C:/Users/nxo5/Documents/A1200_NG/sys/video_cleaner.sv Line: 12
    Info (12023): Found entity 2: s_fix File: C:/Users/nxo5/Documents/A1200_NG/sys/video_cleaner.sv Line: 81
Info (12021): Found 2 design units, including 2 entities, in source file sys/gamma_corr.sv
    Info (12023): Found entity 1: gamma_corr File: C:/Users/nxo5/Documents/A1200_NG/sys/gamma_corr.sv Line: 1
    Info (12023): Found entity 2: gamma_fast File: C:/Users/nxo5/Documents/A1200_NG/sys/gamma_corr.sv Line: 62
Info (12021): Found 1 design units, including 1 entities, in source file sys/video_mixer.sv
    Info (12023): Found entity 1: video_mixer File: C:/Users/nxo5/Documents/A1200_NG/sys/video_mixer.sv Line: 19
Info (12021): Found 2 design units, including 2 entities, in source file sys/video_freak.sv
    Info (12023): Found entity 1: video_freak File: C:/Users/nxo5/Documents/A1200_NG/sys/video_freak.sv Line: 16
    Info (12023): Found entity 2: video_scale_int File: C:/Users/nxo5/Documents/A1200_NG/sys/video_freak.sv Line: 141
Info (12021): Found 2 design units, including 2 entities, in source file sys/video_freezer.sv
    Info (12023): Found entity 1: video_freezer File: C:/Users/nxo5/Documents/A1200_NG/sys/video_freezer.sv Line: 21
    Info (12023): Found entity 2: sync_lock File: C:/Users/nxo5/Documents/A1200_NG/sys/video_freezer.sv Line: 80
Info (12021): Found 2 design units, including 2 entities, in source file sys/arcade_video.v
    Info (12023): Found entity 1: arcade_video File: C:/Users/nxo5/Documents/A1200_NG/sys/arcade_video.v Line: 29
    Info (12023): Found entity 2: screen_rotate File: C:/Users/nxo5/Documents/A1200_NG/sys/arcade_video.v Line: 168
Info (12021): Found 1 design units, including 1 entities, in source file sys/osd.v
    Info (12023): Found entity 1: osd File: C:/Users/nxo5/Documents/A1200_NG/sys/osd.v Line: 4
Info (12021): Found 1 design units, including 1 entities, in source file sys/vga_out.sv
    Info (12023): Found entity 1: vga_out File: C:/Users/nxo5/Documents/A1200_NG/sys/vga_out.sv Line: 2
Info (12021): Found 1 design units, including 1 entities, in source file sys/yc_out.sv
    Info (12023): Found entity 1: yc_out File: C:/Users/nxo5/Documents/A1200_NG/sys/yc_out.sv Line: 28
Info (12021): Found 1 design units, including 1 entities, in source file sys/i2c.v
    Info (12023): Found entity 1: i2c File: C:/Users/nxo5/Documents/A1200_NG/sys/i2c.v Line: 2
Info (12021): Found 1 design units, including 1 entities, in source file sys/alsa.sv
    Info (12023): Found entity 1: alsa File: C:/Users/nxo5/Documents/A1200_NG/sys/alsa.sv Line: 22
Info (12021): Found 1 design units, including 1 entities, in source file sys/i2s.v
    Info (12023): Found entity 1: i2s File: C:/Users/nxo5/Documents/A1200_NG/sys/i2s.v Line: 2
Info (12021): Found 1 design units, including 1 entities, in source file sys/spdif.v
    Info (12023): Found entity 1: spdif File: C:/Users/nxo5/Documents/A1200_NG/sys/spdif.v Line: 33
Info (12021): Found 2 design units, including 2 entities, in source file sys/audio_out.sv
    Info (12023): Found entity 1: audio_out File: C:/Users/nxo5/Documents/A1200_NG/sys/audio_out.sv Line: 22
    Info (12023): Found entity 2: aud_mix_top File: C:/Users/nxo5/Documents/A1200_NG/sys/audio_out.sv Line: 281
Info (12021): Found 3 design units, including 3 entities, in source file sys/iir_filter.v
    Info (12023): Found entity 1: IIR_filter File: C:/Users/nxo5/Documents/A1200_NG/sys/iir_filter.v Line: 22
    Info (12023): Found entity 2: iir_filter_tap File: C:/Users/nxo5/Documents/A1200_NG/sys/iir_filter.v Line: 148
    Info (12023): Found entity 3: DC_blocker File: C:/Users/nxo5/Documents/A1200_NG/sys/iir_filter.v Line: 189
Info (12021): Found 2 design units, including 2 entities, in source file sys/ltc2308.sv
    Info (12023): Found entity 1: ltc2308 File: C:/Users/nxo5/Documents/A1200_NG/sys/ltc2308.sv Line: 28
    Info (12023): Found entity 2: ltc2308_tape File: C:/Users/nxo5/Documents/A1200_NG/sys/ltc2308.sv Line: 105
Info (12021): Found 1 design units, including 1 entities, in source file sys/sigma_delta_dac.v
    Info (12023): Found entity 1: sigma_delta_dac File: C:/Users/nxo5/Documents/A1200_NG/sys/sigma_delta_dac.v Line: 6
Info (12021): Found 1 design units, including 1 entities, in source file sys/mt32pi.sv
    Info (12023): Found entity 1: mt32pi File: C:/Users/nxo5/Documents/A1200_NG/sys/mt32pi.sv Line: 8
Info (12021): Found 1 design units, including 1 entities, in source file sys/mcp23009.sv
    Info (12023): Found entity 1: mcp23009 File: C:/Users/nxo5/Documents/A1200_NG/sys/mcp23009.sv Line: 5
Info (12021): Found 1 design units, including 1 entities, in source file sys/f2sdram_safe_terminator.sv
    Info (12023): Found entity 1: f2sdram_safe_terminator File: C:/Users/nxo5/Documents/A1200_NG/sys/f2sdram_safe_terminator.sv Line: 55
Info (12021): Found 1 design units, including 1 entities, in source file sys/ddr_svc.sv
    Info (12023): Found entity 1: ddr_svc File: C:/Users/nxo5/Documents/A1200_NG/sys/ddr_svc.sv Line: 23
Info (12021): Found 2 design units, including 2 entities, in source file sys/sysmem.sv
    Info (12023): Found entity 1: sysmem_lite File: C:/Users/nxo5/Documents/A1200_NG/sys/sysmem.sv Line: 2
    Info (12023): Found entity 2: sysmem_HPS_fpga_interfaces File: C:/Users/nxo5/Documents/A1200_NG/sys/sysmem.sv Line: 241
Info (12021): Found 1 design units, including 1 entities, in source file sys/sd_card.sv
    Info (12023): Found entity 1: sd_card File: C:/Users/nxo5/Documents/A1200_NG/sys/sd_card.sv Line: 28
Info (12021): Found 4 design units, including 4 entities, in source file sys/hps_io.sv
    Info (12023): Found entity 1: hps_io File: C:/Users/nxo5/Documents/A1200_NG/sys/hps_io.sv Line: 35
    Info (12023): Found entity 2: ps2_device File: C:/Users/nxo5/Documents/A1200_NG/sys/hps_io.sv Line: 711
    Info (12023): Found entity 3: video_calc File: C:/Users/nxo5/Documents/A1200_NG/sys/hps_io.sv Line: 854
    Info (12023): Found entity 4: confstr_rom File: C:/Users/nxo5/Documents/A1200_NG/sys/hps_io.sv Line: 1022
Info (12021): Found 2 design units, including 1 entities, in source file rtl/sdram_bridge.vhd
    Info (12022): Found design unit 1: sdram_bridge-Behavioral File: C:/Users/nxo5/Documents/A1200_NG/rtl/sdram_bridge.vhd Line: 59
    Info (12023): Found entity 1: sdram_bridge File: C:/Users/nxo5/Documents/A1200_NG/rtl/sdram_bridge.vhd Line: 15
Info (12021): Found 2 design units, including 1 entities, in source file rtl/a1200_top.vhd
    Info (12022): Found design unit 1: A1200_top-structural File: C:/Users/nxo5/Documents/A1200_NG/rtl/A1200_top.vhd Line: 53
    Info (12023): Found entity 1: A1200_top File: C:/Users/nxo5/Documents/A1200_NG/rtl/A1200_top.vhd Line: 14
Info (12021): Found 2 design units, including 1 entities, in source file rtl/amiga_chipset.vhd
    Info (12022): Found design unit 1: amiga_chipset-Behavioral File: C:/Users/nxo5/Documents/A1200_NG/rtl/amiga_chipset.vhd Line: 71
    Info (12023): Found entity 1: amiga_chipset File: C:/Users/nxo5/Documents/A1200_NG/rtl/amiga_chipset.vhd Line: 13
Info (12021): Found 2 design units, including 1 entities, in source file rtl/ne555.vhd
    Info (12022): Found design unit 1: NE555-rtl File: C:/Users/nxo5/Documents/A1200_NG/rtl/NE555.vhd Line: 22
    Info (12023): Found entity 1: NE555 File: C:/Users/nxo5/Documents/A1200_NG/rtl/NE555.vhd Line: 14
Info (12021): Found 2 design units, including 1 entities, in source file rtl/ext_bus_bridge.vhd
    Info (12022): Found design unit 1: ext_bus_bridge-behavioral File: C:/Users/nxo5/Documents/A1200_NG/rtl/ext_bus_bridge.vhd Line: 53
    Info (12023): Found entity 1: ext_bus_bridge File: C:/Users/nxo5/Documents/A1200_NG/rtl/ext_bus_bridge.vhd Line: 15
Info (12021): Found 2 design units, including 1 entities, in source file rtl/kickstart.vhd
    Info (12022): Found design unit 1: kickstart-behavioral File: C:/Users/nxo5/Documents/A1200_NG/rtl/kickstart.vhd Line: 36
    Info (12023): Found entity 1: kickstart File: C:/Users/nxo5/Documents/A1200_NG/rtl/kickstart.vhd Line: 16
Info (12021): Found 2 design units, including 1 entities, in source file rtl/ram_decoder.vhd
    Info (12022): Found design unit 1: ram_decoder-behavioral File: C:/Users/nxo5/Documents/A1200_NG/rtl/ram_decoder.vhd Line: 33
    Info (12023): Found entity 1: ram_decoder File: C:/Users/nxo5/Documents/A1200_NG/rtl/ram_decoder.vhd Line: 16
Info (12021): Found 2 design units, including 1 entities, in source file rtl/cia_a/cia_a.vhd
    Info (12022): Found design unit 1: cia_a-Behavioral File: C:/Users/nxo5/Documents/A1200_NG/rtl/cia_a/cia_a.vhd Line: 47
    Info (12023): Found entity 1: cia_a File: C:/Users/nxo5/Documents/A1200_NG/rtl/cia_a/cia_a.vhd Line: 13
Info (12021): Found 2 design units, including 1 entities, in source file rtl/cia_a/cia_a_io.vhd
    Info (12022): Found design unit 1: cia_a_io-Behavioral File: C:/Users/nxo5/Documents/A1200_NG/rtl/cia_a/cia_a_io.vhd Line: 37
    Info (12023): Found entity 1: cia_a_io File: C:/Users/nxo5/Documents/A1200_NG/rtl/cia_a/cia_a_io.vhd Line: 15
Info (12021): Found 2 design units, including 1 entities, in source file rtl/cia_a/cia_a_timer.vhd
    Info (12022): Found design unit 1: cia_a_timer-Behavioral File: C:/Users/nxo5/Documents/A1200_NG/rtl/cia_a/cia_a_timer.vhd Line: 51
    Info (12023): Found entity 1: cia_a_timer File: C:/Users/nxo5/Documents/A1200_NG/rtl/cia_a/cia_a_timer.vhd Line: 16
Info (12021): Found 2 design units, including 1 entities, in source file rtl/cia_a/cia_a_serial.vhd
    Info (12022): Found design unit 1: cia_a_serial-Behavioral File: C:/Users/nxo5/Documents/A1200_NG/rtl/cia_a/cia_a_serial.vhd Line: 49
    Info (12023): Found entity 1: cia_a_serial File: C:/Users/nxo5/Documents/A1200_NG/rtl/cia_a/cia_a_serial.vhd Line: 15
Info (12021): Found 2 design units, including 1 entities, in source file rtl/cia_a/cia_a_irq.vhd
    Info (12022): Found design unit 1: cia_a_irq-Behavioral File: C:/Users/nxo5/Documents/A1200_NG/rtl/cia_a/cia_a_irq.vhd Line: 36
    Info (12023): Found entity 1: cia_a_irq File: C:/Users/nxo5/Documents/A1200_NG/rtl/cia_a/cia_a_irq.vhd Line: 14
Info (12021): Found 2 design units, including 1 entities, in source file rtl/cia_b/cia_b.vhd
    Info (12022): Found design unit 1: cia_b-Behavioral File: C:/Users/nxo5/Documents/A1200_NG/rtl/cia_b/cia_b.vhd Line: 50
    Info (12023): Found entity 1: cia_b File: C:/Users/nxo5/Documents/A1200_NG/rtl/cia_b/cia_b.vhd Line: 16
Info (12021): Found 2 design units, including 1 entities, in source file rtl/cia_b/cia_b_io.vhd
    Info (12022): Found design unit 1: cia_b_io-Behavioral File: C:/Users/nxo5/Documents/A1200_NG/rtl/cia_b/cia_b_io.vhd Line: 39
    Info (12023): Found entity 1: cia_b_io File: C:/Users/nxo5/Documents/A1200_NG/rtl/cia_b/cia_b_io.vhd Line: 15
Info (12021): Found 2 design units, including 1 entities, in source file rtl/cia_b/cia_b_timer.vhd
    Info (12022): Found design unit 1: cia_b_timer-Behavioral File: C:/Users/nxo5/Documents/A1200_NG/rtl/cia_b/cia_b_timer.vhd Line: 51
    Info (12023): Found entity 1: cia_b_timer File: C:/Users/nxo5/Documents/A1200_NG/rtl/cia_b/cia_b_timer.vhd Line: 16
Info (12021): Found 2 design units, including 1 entities, in source file rtl/cia_b/cia_b_serial.vhd
    Info (12022): Found design unit 1: cia_b_serial-Behavioral File: C:/Users/nxo5/Documents/A1200_NG/rtl/cia_b/cia_b_serial.vhd Line: 49
    Info (12023): Found entity 1: cia_b_serial File: C:/Users/nxo5/Documents/A1200_NG/rtl/cia_b/cia_b_serial.vhd Line: 15
Info (12021): Found 2 design units, including 1 entities, in source file rtl/cia_b/cia_b_irq.vhd
    Info (12022): Found design unit 1: cia_b_irq-Behavioral File: C:/Users/nxo5/Documents/A1200_NG/rtl/cia_b/cia_b_irq.vhd Line: 49
    Info (12023): Found entity 1: cia_b_irq File: C:/Users/nxo5/Documents/A1200_NG/rtl/cia_b/cia_b_irq.vhd Line: 14
Info (12021): Found 2 design units, including 1 entities, in source file rtl/alice/alice.vhd
    Info (12022): Found design unit 1: alice-Behavioral File: C:/Users/nxo5/Documents/A1200_NG/rtl/alice/alice.vhd Line: 48
    Info (12023): Found entity 1: alice File: C:/Users/nxo5/Documents/A1200_NG/rtl/alice/alice.vhd Line: 5
Info (12021): Found 2 design units, including 1 entities, in source file rtl/alice/alice_clk.vhd
    Info (12022): Found design unit 1: alice_clk-Behavioral File: C:/Users/nxo5/Documents/A1200_NG/rtl/alice/alice_clk.vhd Line: 37
    Info (12023): Found entity 1: alice_clk File: C:/Users/nxo5/Documents/A1200_NG/rtl/alice/alice_clk.vhd Line: 15
Info (12021): Found 2 design units, including 1 entities, in source file rtl/alice/alice_beam.vhd
    Info (12022): Found design unit 1: alice_beam-Behavioral File: C:/Users/nxo5/Documents/A1200_NG/rtl/alice/alice_beam.vhd Line: 41
    Info (12023): Found entity 1: alice_beam File: C:/Users/nxo5/Documents/A1200_NG/rtl/alice/alice_beam.vhd Line: 15
Info (12021): Found 2 design units, including 1 entities, in source file rtl/alice/alice_regs.vhd
    Info (12022): Found design unit 1: alice_regs-Behavioral File: C:/Users/nxo5/Documents/A1200_NG/rtl/alice/alice_regs.vhd Line: 55
    Info (12023): Found entity 1: alice_regs File: C:/Users/nxo5/Documents/A1200_NG/rtl/alice/alice_regs.vhd Line: 16
Info (12021): Found 2 design units, including 1 entities, in source file rtl/alice/alice_dma.vhd
    Info (12022): Found design unit 1: alice_dma-Behavioral File: C:/Users/nxo5/Documents/A1200_NG/rtl/alice/alice_dma.vhd Line: 46
    Info (12023): Found entity 1: alice_dma File: C:/Users/nxo5/Documents/A1200_NG/rtl/alice/alice_dma.vhd Line: 15
Info (12021): Found 2 design units, including 1 entities, in source file rtl/alice/alice_mmu.vhd
    Info (12022): Found design unit 1: alice_mmu-Behavioral File: C:/Users/nxo5/Documents/A1200_NG/rtl/alice/alice_mmu.vhd Line: 26
    Info (12023): Found entity 1: alice_mmu File: C:/Users/nxo5/Documents/A1200_NG/rtl/alice/alice_mmu.vhd Line: 5
Info (12021): Found 2 design units, including 1 entities, in source file rtl/alice/blitter/blitter.vhd
    Info (12022): Found design unit 1: blitter-Behavioral File: C:/Users/nxo5/Documents/A1200_NG/rtl/alice/blitter/blitter.vhd Line: 42
    Info (12023): Found entity 1: blitter File: C:/Users/nxo5/Documents/A1200_NG/rtl/alice/blitter/blitter.vhd Line: 7
Info (12021): Found 2 design units, including 1 entities, in source file rtl/alice/blitter/blitter_addr.vhd
    Info (12022): Found design unit 1: blitter_addr-Behavioral File: C:/Users/nxo5/Documents/A1200_NG/rtl/alice/blitter/blitter_addr.vhd Line: 48
    Info (12023): Found entity 1: blitter_addr File: C:/Users/nxo5/Documents/A1200_NG/rtl/alice/blitter/blitter_addr.vhd Line: 15
Info (12021): Found 2 design units, including 1 entities, in source file rtl/alice/blitter/blitter_shift.vhd
    Info (12022): Found design unit 1: blitter_shift-Behavioral File: C:/Users/nxo5/Documents/A1200_NG/rtl/alice/blitter/blitter_shift.vhd Line: 49
    Info (12023): Found entity 1: blitter_shift File: C:/Users/nxo5/Documents/A1200_NG/rtl/alice/blitter/blitter_shift.vhd Line: 15
Info (12021): Found 2 design units, including 1 entities, in source file rtl/alice/blitter/blitter_alu.vhd
    Info (12022): Found design unit 1: blitter_alu-Behavioral File: C:/Users/nxo5/Documents/A1200_NG/rtl/alice/blitter/blitter_alu.vhd Line: 44
    Info (12023): Found entity 1: blitter_alu File: C:/Users/nxo5/Documents/A1200_NG/rtl/alice/blitter/blitter_alu.vhd Line: 5
Info (12021): Found 2 design units, including 1 entities, in source file rtl/alice/blitter/blitter_fsm.vhd
    Info (12022): Found design unit 1: blitter_fsm-Behavioral File: C:/Users/nxo5/Documents/A1200_NG/rtl/alice/blitter/blitter_fsm.vhd Line: 44
    Info (12023): Found entity 1: blitter_fsm File: C:/Users/nxo5/Documents/A1200_NG/rtl/alice/blitter/blitter_fsm.vhd Line: 5
Info (12021): Found 2 design units, including 1 entities, in source file rtl/alice/copper/copper.vhd
    Info (12022): Found design unit 1: copper-Behavioral File: C:/Users/nxo5/Documents/A1200_NG/rtl/alice/copper/copper.vhd Line: 55
    Info (12023): Found entity 1: copper File: C:/Users/nxo5/Documents/A1200_NG/rtl/alice/copper/copper.vhd Line: 15
Info (12021): Found 2 design units, including 1 entities, in source file rtl/alice/copper/copper_dec.vhd
    Info (12022): Found design unit 1: copper_dec-Behavioral File: C:/Users/nxo5/Documents/A1200_NG/rtl/alice/copper/copper_dec.vhd Line: 48
    Info (12023): Found entity 1: copper_dec File: C:/Users/nxo5/Documents/A1200_NG/rtl/alice/copper/copper_dec.vhd Line: 5
Info (12021): Found 2 design units, including 1 entities, in source file rtl/alice/copper/copper_sync.vhd
    Info (12022): Found design unit 1: copper_sync-Behavioral File: C:/Users/nxo5/Documents/A1200_NG/rtl/alice/copper/copper_sync.vhd Line: 45
    Info (12023): Found entity 1: copper_sync File: C:/Users/nxo5/Documents/A1200_NG/rtl/alice/copper/copper_sync.vhd Line: 15
Info (12021): Found 2 design units, including 1 entities, in source file rtl/alice/copper/copper_fsm.vhd
    Info (12022): Found design unit 1: copper_fsm-Behavioral File: C:/Users/nxo5/Documents/A1200_NG/rtl/alice/copper/copper_fsm.vhd Line: 48
    Info (12023): Found entity 1: copper_fsm File: C:/Users/nxo5/Documents/A1200_NG/rtl/alice/copper/copper_fsm.vhd Line: 15
Info (12021): Found 2 design units, including 1 entities, in source file rtl/lisa/lisa.vhd
    Info (12022): Found design unit 1: lisa-Behavioral File: C:/Users/nxo5/Documents/A1200_NG/rtl/lisa/lisa.vhd Line: 51
    Info (12023): Found entity 1: lisa File: C:/Users/nxo5/Documents/A1200_NG/rtl/lisa/lisa.vhd Line: 14
Info (12021): Found 2 design units, including 1 entities, in source file rtl/lisa/lisa_palette.vhd
    Info (12022): Found design unit 1: lisa_palette-Behavioral File: C:/Users/nxo5/Documents/A1200_NG/rtl/lisa/lisa_palette.vhd Line: 44
    Info (12023): Found entity 1: lisa_palette File: C:/Users/nxo5/Documents/A1200_NG/rtl/lisa/lisa_palette.vhd Line: 15
Info (12021): Found 2 design units, including 1 entities, in source file rtl/lisa/lisa_shifter.vhd
    Info (12022): Found design unit 1: lisa_shifter-Behavioral File: C:/Users/nxo5/Documents/A1200_NG/rtl/lisa/lisa_shifter.vhd Line: 39
    Info (12023): Found entity 1: lisa_shifter File: C:/Users/nxo5/Documents/A1200_NG/rtl/lisa/lisa_shifter.vhd Line: 5
Info (12021): Found 2 design units, including 1 entities, in source file rtl/lisa/lisa_sprites.vhd
    Info (12022): Found design unit 1: lisa_sprites-Behavioral File: C:/Users/nxo5/Documents/A1200_NG/rtl/lisa/lisa_sprites.vhd Line: 36
    Info (12023): Found entity 1: lisa_sprites File: C:/Users/nxo5/Documents/A1200_NG/rtl/lisa/lisa_sprites.vhd Line: 5
Info (12021): Found 2 design units, including 1 entities, in source file rtl/lisa/lisa_video_mux.vhd
    Info (12022): Found design unit 1: lisa_video_mux-Behavioral File: C:/Users/nxo5/Documents/A1200_NG/rtl/lisa/lisa_video_mux.vhd Line: 49
    Info (12023): Found entity 1: lisa_video_mux File: C:/Users/nxo5/Documents/A1200_NG/rtl/lisa/lisa_video_mux.vhd Line: 15
Info (12021): Found 2 design units, including 1 entities, in source file rtl/paula/paula.vhd
    Info (12022): Found design unit 1: paula-Behavioral File: C:/Users/nxo5/Documents/A1200_NG/rtl/paula/paula.vhd Line: 67
    Info (12023): Found entity 1: paula File: C:/Users/nxo5/Documents/A1200_NG/rtl/paula/paula.vhd Line: 15
Info (12021): Found 2 design units, including 1 entities, in source file rtl/paula/paula_audio.vhd
    Info (12022): Found design unit 1: paula_audio-Behavioral File: C:/Users/nxo5/Documents/A1200_NG/rtl/paula/paula_audio.vhd Line: 59
    Info (12023): Found entity 1: paula_audio File: C:/Users/nxo5/Documents/A1200_NG/rtl/paula/paula_audio.vhd Line: 15
Info (12021): Found 2 design units, including 1 entities, in source file rtl/paula/paula_floppy.vhd
    Info (12022): Found design unit 1: paula_floppy-Behavioral File: C:/Users/nxo5/Documents/A1200_NG/rtl/paula/paula_floppy.vhd Line: 49
    Info (12023): Found entity 1: paula_floppy File: C:/Users/nxo5/Documents/A1200_NG/rtl/paula/paula_floppy.vhd Line: 15
Info (12021): Found 2 design units, including 1 entities, in source file rtl/paula/paula_uart.vhd
    Info (12022): Found design unit 1: paula_uart-Behavioral File: C:/Users/nxo5/Documents/A1200_NG/rtl/paula/paula_uart.vhd Line: 39
    Info (12023): Found entity 1: paula_uart File: C:/Users/nxo5/Documents/A1200_NG/rtl/paula/paula_uart.vhd Line: 5
Info (12021): Found 2 design units, including 1 entities, in source file rtl/paula/paula_regs.vhd
    Info (12022): Found design unit 1: paula_regs-Behavioral File: C:/Users/nxo5/Documents/A1200_NG/rtl/paula/paula_regs.vhd Line: 66
    Info (12023): Found entity 1: paula_regs File: C:/Users/nxo5/Documents/A1200_NG/rtl/paula/paula_regs.vhd Line: 14
Info (12021): Found 2 design units, including 1 entities, in source file rtl/gayle/gayle.vhd
    Info (12022): Found design unit 1: gayle-structural File: C:/Users/nxo5/Documents/A1200_NG/rtl/gayle/gayle.vhd Line: 67
    Info (12023): Found entity 1: gayle File: C:/Users/nxo5/Documents/A1200_NG/rtl/gayle/gayle.vhd Line: 16
Info (12021): Found 2 design units, including 1 entities, in source file rtl/gayle/gayle_regs.vhd
    Info (12022): Found design unit 1: gayle_regs-rtl File: C:/Users/nxo5/Documents/A1200_NG/rtl/gayle/gayle_regs.vhd Line: 40
    Info (12023): Found entity 1: gayle_regs File: C:/Users/nxo5/Documents/A1200_NG/rtl/gayle/gayle_regs.vhd Line: 15
Info (12021): Found 2 design units, including 1 entities, in source file rtl/gayle/gayle_ide.vhd
    Info (12022): Found design unit 1: gayle_ide-rtl File: C:/Users/nxo5/Documents/A1200_NG/rtl/gayle/gayle_ide.vhd Line: 43
    Info (12023): Found entity 1: gayle_ide File: C:/Users/nxo5/Documents/A1200_NG/rtl/gayle/gayle_ide.vhd Line: 15
Info (12021): Found 2 design units, including 1 entities, in source file rtl/gayle/gayle_ide_bram.vhd
    Info (12022): Found design unit 1: gayle_ide_bram-Behavioral File: C:/Users/nxo5/Documents/A1200_NG/rtl/gayle/gayle_ide_bram.vhd Line: 39
    Info (12023): Found entity 1: gayle_ide_bram File: C:/Users/nxo5/Documents/A1200_NG/rtl/gayle/gayle_ide_bram.vhd Line: 13
Info (12021): Found 2 design units, including 1 entities, in source file rtl/gayle/gayle_pcmcia.vhd
    Info (12022): Found design unit 1: gayle_pcmcia-rtl File: C:/Users/nxo5/Documents/A1200_NG/rtl/gayle/gayle_pcmcia.vhd Line: 35
    Info (12023): Found entity 1: gayle_pcmcia File: C:/Users/nxo5/Documents/A1200_NG/rtl/gayle/gayle_pcmcia.vhd Line: 15
Info (12021): Found 2 design units, including 1 entities, in source file rtl/gayle/gayle_reset.vhd
    Info (12022): Found design unit 1: gayle_reset-rtl File: C:/Users/nxo5/Documents/A1200_NG/rtl/gayle/gayle_reset.vhd Line: 27
    Info (12023): Found entity 1: gayle_reset File: C:/Users/nxo5/Documents/A1200_NG/rtl/gayle/gayle_reset.vhd Line: 12
Info (12021): Found 2 design units, including 1 entities, in source file rtl/gayle/gayle_ide_cop/gayle_ide_cop.vhd
    Info (12022): Found design unit 1: gayle_ide_cop-structural File: C:/Users/nxo5/Documents/A1200_NG/rtl/gayle/gayle_ide_cop/gayle_ide_cop.vhd Line: 30
    Info (12023): Found entity 1: gayle_ide_cop File: C:/Users/nxo5/Documents/A1200_NG/rtl/gayle/gayle_ide_cop/gayle_ide_cop.vhd Line: 13
Info (12021): Found 2 design units, including 1 entities, in source file rtl/gayle/gayle_ide_cop/gayle_ide_cop_cnt.vhd
    Info (12022): Found design unit 1: gayle_ide_cop_cnt-rtl File: C:/Users/nxo5/Documents/A1200_NG/rtl/gayle/gayle_ide_cop/gayle_ide_cop_cnt.vhd Line: 32
    Info (12023): Found entity 1: gayle_ide_cop_cnt File: C:/Users/nxo5/Documents/A1200_NG/rtl/gayle/gayle_ide_cop/gayle_ide_cop_cnt.vhd Line: 16
Info (12021): Found 2 design units, including 1 entities, in source file rtl/turbo_card/turbo_card.vhd
    Info (12022): Found design unit 1: turbo_card-structural File: C:/Users/nxo5/Documents/A1200_NG/rtl/turbo_card/turbo_card.vhd Line: 49
    Info (12023): Found entity 1: turbo_card File: C:/Users/nxo5/Documents/A1200_NG/rtl/turbo_card/turbo_card.vhd Line: 15
Info (12021): Found 2 design units, including 1 entities, in source file rtl/turbo_card/fastram_bridge.vhd
    Info (12022): Found design unit 1: cpu_030_fastram_bridge-behavioral File: C:/Users/nxo5/Documents/A1200_NG/rtl/turbo_card/fastram_bridge.vhd Line: 42
    Info (12023): Found entity 1: cpu_030_fastram_bridge File: C:/Users/nxo5/Documents/A1200_NG/rtl/turbo_card/fastram_bridge.vhd Line: 15
Info (12021): Found 2 design units, including 1 entities, in source file rtl/turbo_card/turbo_rtc.vhd
    Info (12022): Found design unit 1: turbo_rtc-behavioral File: C:/Users/nxo5/Documents/A1200_NG/rtl/turbo_card/turbo_rtc.vhd Line: 45
    Info (12023): Found entity 1: turbo_rtc File: C:/Users/nxo5/Documents/A1200_NG/rtl/turbo_card/turbo_rtc.vhd Line: 16
Info (12021): Found 2 design units, including 1 entities, in source file rtl/turbo_card/turbo_clk.vhd
    Info (12022): Found design unit 1: turbo_clk-behavioral File: C:/Users/nxo5/Documents/A1200_NG/rtl/turbo_card/turbo_clk.vhd Line: 26
    Info (12023): Found entity 1: turbo_clk File: C:/Users/nxo5/Documents/A1200_NG/rtl/turbo_card/turbo_clk.vhd Line: 19
Info (12021): Found 2 design units, including 1 entities, in source file rtl/turbo_card/030_ec/030_ec.vhd
    Info (12022): Found design unit 1: cpu_030_ec-structural File: C:/Users/nxo5/Documents/A1200_NG/rtl/turbo_card/030_EC/030_ec.vhd Line: 59
    Info (12023): Found entity 1: cpu_030_ec File: C:/Users/nxo5/Documents/A1200_NG/rtl/turbo_card/030_EC/030_ec.vhd Line: 16
Info (12021): Found 2 design units, including 1 entities, in source file rtl/turbo_card/030_ec/030_ec_decode_top.vhd
    Info (12022): Found design unit 1: cpu_030_ec_decode_top-behavioral File: C:/Users/nxo5/Documents/A1200_NG/rtl/turbo_card/030_EC/030_ec_decode_top.vhd Line: 73
    Info (12023): Found entity 1: cpu_030_ec_decode_top File: C:/Users/nxo5/Documents/A1200_NG/rtl/turbo_card/030_EC/030_ec_decode_top.vhd Line: 15
Info (12021): Found 2 design units, including 1 entities, in source file rtl/turbo_card/030_ec/030_ec_dec_ea.vhd
    Info (12022): Found design unit 1: cpu_030_ec_dec_ea-behavioral File: C:/Users/nxo5/Documents/A1200_NG/rtl/turbo_card/030_EC/030_ec_dec_ea.vhd Line: 38
    Info (12023): Found entity 1: cpu_030_ec_dec_ea File: C:/Users/nxo5/Documents/A1200_NG/rtl/turbo_card/030_EC/030_ec_dec_ea.vhd Line: 13
Info (12021): Found 2 design units, including 1 entities, in source file rtl/turbo_card/030_ec/030_ec_dec_ea_shared.vhd
    Info (12022): Found design unit 1: cpu_030_ec_dec_ea_shared-behavioral File: C:/Users/nxo5/Documents/A1200_NG/rtl/turbo_card/030_EC/030_ec_dec_ea_shared.vhd Line: 41
    Info (12023): Found entity 1: cpu_030_ec_dec_ea_shared File: C:/Users/nxo5/Documents/A1200_NG/rtl/turbo_card/030_EC/030_ec_dec_ea_shared.vhd Line: 15
Info (12021): Found 2 design units, including 1 entities, in source file rtl/turbo_card/030_ec/030_ec_dec_fsm.vhd
    Info (12022): Found design unit 1: cpu_030_ec_dec_fsm-behavioral File: C:/Users/nxo5/Documents/A1200_NG/rtl/turbo_card/030_EC/030_ec_dec_fsm.vhd Line: 62
    Info (12023): Found entity 1: cpu_030_ec_dec_fsm File: C:/Users/nxo5/Documents/A1200_NG/rtl/turbo_card/030_EC/030_ec_dec_fsm.vhd Line: 13
Info (12021): Found 2 design units, including 1 entities, in source file rtl/turbo_card/030_ec/030_ec_dec_mux.vhd
    Info (12022): Found design unit 1: cpu_030_ec_dec_mux-behavioral File: C:/Users/nxo5/Documents/A1200_NG/rtl/turbo_card/030_EC/030_ec_dec_mux.vhd Line: 68
    Info (12023): Found entity 1: cpu_030_ec_dec_mux File: C:/Users/nxo5/Documents/A1200_NG/rtl/turbo_card/030_EC/030_ec_dec_mux.vhd Line: 15
Info (12021): Found 2 design units, including 1 entities, in source file rtl/turbo_card/030_ec/030_ec_dec_boot_fsm.vhd
    Info (12022): Found design unit 1: cpu_030_ec_dec_boot_fsm-behavioral File: C:/Users/nxo5/Documents/A1200_NG/rtl/turbo_card/030_EC/030_ec_dec_boot_fsm.vhd Line: 41
    Info (12023): Found entity 1: cpu_030_ec_dec_boot_fsm File: C:/Users/nxo5/Documents/A1200_NG/rtl/turbo_card/030_EC/030_ec_dec_boot_fsm.vhd Line: 16
Info (12021): Found 2 design units, including 1 entities, in source file rtl/turbo_card/030_ec/030_ec_dec_exec_fsm.vhd
    Info (12022): Found design unit 1: cpu_030_ec_dec_exec_fsm-behavioral File: C:/Users/nxo5/Documents/A1200_NG/rtl/turbo_card/030_EC/030_ec_dec_exec_fsm.vhd Line: 64
    Info (12023): Found entity 1: cpu_030_ec_dec_exec_fsm File: C:/Users/nxo5/Documents/A1200_NG/rtl/turbo_card/030_EC/030_ec_dec_exec_fsm.vhd Line: 14
Info (12021): Found 2 design units, including 1 entities, in source file rtl/turbo_card/030_ec/030_ec_dec_trap_unit.vhd
    Info (12022): Found design unit 1: cpu_030_ec_dec_trap_unit-behavioral File: C:/Users/nxo5/Documents/A1200_NG/rtl/turbo_card/030_EC/030_ec_dec_trap_unit.vhd Line: 48
    Info (12023): Found entity 1: cpu_030_ec_dec_trap_unit File: C:/Users/nxo5/Documents/A1200_NG/rtl/turbo_card/030_EC/030_ec_dec_trap_unit.vhd Line: 14
Info (12021): Found 2 design units, including 1 entities, in source file rtl/turbo_card/030_ec/030_ec_dec_move.vhd
    Info (12022): Found design unit 1: cpu_030_ec_dec_move-behavioral File: C:/Users/nxo5/Documents/A1200_NG/rtl/turbo_card/030_EC/030_ec_dec_move.vhd Line: 44
    Info (12023): Found entity 1: cpu_030_ec_dec_move File: C:/Users/nxo5/Documents/A1200_NG/rtl/turbo_card/030_EC/030_ec_dec_move.vhd Line: 15
Info (12021): Found 2 design units, including 1 entities, in source file rtl/turbo_card/030_ec/030_ec_dec_move_op.vhd
    Info (12022): Found design unit 1: cpu_030_ec_dec_move_op-behavioral File: C:/Users/nxo5/Documents/A1200_NG/rtl/turbo_card/030_EC/030_ec_dec_move_op.vhd Line: 30
    Info (12023): Found entity 1: cpu_030_ec_dec_move_op File: C:/Users/nxo5/Documents/A1200_NG/rtl/turbo_card/030_EC/030_ec_dec_move_op.vhd Line: 12
Info (12021): Found 2 design units, including 1 entities, in source file rtl/turbo_card/030_ec/030_ec_dec_move_size.vhd
    Info (12022): Found design unit 1: cpu_030_ec_dec_move_size-behavioral File: C:/Users/nxo5/Documents/A1200_NG/rtl/turbo_card/030_EC/030_ec_dec_move_size.vhd Line: 22
    Info (12023): Found entity 1: cpu_030_ec_dec_move_size File: C:/Users/nxo5/Documents/A1200_NG/rtl/turbo_card/030_EC/030_ec_dec_move_size.vhd Line: 12
Info (12021): Found 2 design units, including 1 entities, in source file rtl/turbo_card/030_ec/030_ec_dec_alu.vhd
    Info (12022): Found design unit 1: cpu_030_ec_dec_alu-behavioral File: C:/Users/nxo5/Documents/A1200_NG/rtl/turbo_card/030_EC/030_ec_dec_alu.vhd Line: 44
    Info (12023): Found entity 1: cpu_030_ec_dec_alu File: C:/Users/nxo5/Documents/A1200_NG/rtl/turbo_card/030_EC/030_ec_dec_alu.vhd Line: 15
Info (12021): Found 2 design units, including 1 entities, in source file rtl/turbo_card/030_ec/030_ec_dec_alu_op.vhd
    Info (12022): Found design unit 1: cpu_030_ec_dec_alu_op-behavioral File: C:/Users/nxo5/Documents/A1200_NG/rtl/turbo_card/030_EC/030_ec_dec_alu_op.vhd Line: 30
    Info (12023): Found entity 1: cpu_030_ec_dec_alu_op File: C:/Users/nxo5/Documents/A1200_NG/rtl/turbo_card/030_EC/030_ec_dec_alu_op.vhd Line: 12
Info (12021): Found 2 design units, including 1 entities, in source file rtl/turbo_card/030_ec/030_ec_dec_alu_size.vhd
    Info (12022): Found design unit 1: cpu_030_ec_dec_alu_size-behavioral File: C:/Users/nxo5/Documents/A1200_NG/rtl/turbo_card/030_EC/030_ec_dec_alu_size.vhd Line: 22
    Info (12023): Found entity 1: cpu_030_ec_dec_alu_size File: C:/Users/nxo5/Documents/A1200_NG/rtl/turbo_card/030_EC/030_ec_dec_alu_size.vhd Line: 12
Info (12021): Found 2 design units, including 1 entities, in source file rtl/turbo_card/030_ec/030_ec_dec_branch.vhd
    Info (12022): Found design unit 1: cpu_030_ec_dec_branch-behavioral File: C:/Users/nxo5/Documents/A1200_NG/rtl/turbo_card/030_EC/030_ec_dec_branch.vhd Line: 37
    Info (12023): Found entity 1: cpu_030_ec_dec_branch File: C:/Users/nxo5/Documents/A1200_NG/rtl/turbo_card/030_EC/030_ec_dec_branch.vhd Line: 15
Info (12021): Found 2 design units, including 1 entities, in source file rtl/turbo_card/030_ec/030_ec_dec_branch_cond.vhd
    Info (12022): Found design unit 1: cpu_030_ec_dec_branch_cond-behavioral File: C:/Users/nxo5/Documents/A1200_NG/rtl/turbo_card/030_EC/030_ec_dec_branch_cond.vhd Line: 22
    Info (12023): Found entity 1: cpu_030_ec_dec_branch_cond File: C:/Users/nxo5/Documents/A1200_NG/rtl/turbo_card/030_EC/030_ec_dec_branch_cond.vhd Line: 12
Info (12021): Found 2 design units, including 1 entities, in source file rtl/turbo_card/030_ec/030_ec_dec_bitfield.vhd
    Info (12022): Found design unit 1: cpu_030_ec_dec_bitfield-structural File: C:/Users/nxo5/Documents/A1200_NG/rtl/turbo_card/030_EC/030_ec_dec_bitfield.vhd Line: 36
    Info (12023): Found entity 1: cpu_030_ec_dec_bitfield File: C:/Users/nxo5/Documents/A1200_NG/rtl/turbo_card/030_EC/030_ec_dec_bitfield.vhd Line: 13
Info (12021): Found 2 design units, including 1 entities, in source file rtl/turbo_card/030_ec/030_ec_dec_bitfield_op.vhd
    Info (12022): Found design unit 1: cpu_030_ec_dec_bitfield_op-behavioral File: C:/Users/nxo5/Documents/A1200_NG/rtl/turbo_card/030_EC/030_ec_dec_bitfield_op.vhd Line: 25
    Info (12023): Found entity 1: cpu_030_ec_dec_bitfield_op File: C:/Users/nxo5/Documents/A1200_NG/rtl/turbo_card/030_EC/030_ec_dec_bitfield_op.vhd Line: 12
Info (12021): Found 2 design units, including 1 entities, in source file rtl/turbo_card/030_ec/030_ec_dec_special.vhd
    Info (12022): Found design unit 1: cpu_030_ec_dec_special-behavioral File: C:/Users/nxo5/Documents/A1200_NG/rtl/turbo_card/030_EC/030_ec_dec_special.vhd Line: 51
    Info (12023): Found entity 1: cpu_030_ec_dec_special File: C:/Users/nxo5/Documents/A1200_NG/rtl/turbo_card/030_EC/030_ec_dec_special.vhd Line: 14
Info (12021): Found 2 design units, including 1 entities, in source file rtl/turbo_card/030_ec/030_ec_dec_special_op.vhd
    Info (12022): Found design unit 1: cpu_030_ec_dec_special_op-behavioral File: C:/Users/nxo5/Documents/A1200_NG/rtl/turbo_card/030_EC/030_ec_dec_special_op.vhd Line: 27
    Info (12023): Found entity 1: cpu_030_ec_dec_special_op File: C:/Users/nxo5/Documents/A1200_NG/rtl/turbo_card/030_EC/030_ec_dec_special_op.vhd Line: 12
Info (12021): Found 2 design units, including 1 entities, in source file rtl/turbo_card/030_ec/030_ec_dec_interrupt.vhd
    Info (12022): Found design unit 1: cpu_030_ec_dec_interrupt-behavioral File: C:/Users/nxo5/Documents/A1200_NG/rtl/turbo_card/030_EC/030_ec_dec_interrupt.vhd Line: 27
    Info (12023): Found entity 1: cpu_030_ec_dec_interrupt File: C:/Users/nxo5/Documents/A1200_NG/rtl/turbo_card/030_EC/030_ec_dec_interrupt.vhd Line: 13
Info (12021): Found 2 design units, including 1 entities, in source file rtl/turbo_card/030_ec/030_ec_alu_top.vhd
    Info (12022): Found design unit 1: cpu_030_ec_alu-structural File: C:/Users/nxo5/Documents/A1200_NG/rtl/turbo_card/030_EC/030_ec_alu_top.vhd Line: 56
    Info (12023): Found entity 1: cpu_030_ec_alu File: C:/Users/nxo5/Documents/A1200_NG/rtl/turbo_card/030_EC/030_ec_alu_top.vhd Line: 15
Info (12021): Found 2 design units, including 1 entities, in source file rtl/turbo_card/030_ec/030_ec_alu_regs.vhd
    Info (12022): Found design unit 1: cpu_030_ec_alu_regs-behavioral File: C:/Users/nxo5/Documents/A1200_NG/rtl/turbo_card/030_EC/030_ec_alu_regs.vhd Line: 60
    Info (12023): Found entity 1: cpu_030_ec_alu_regs File: C:/Users/nxo5/Documents/A1200_NG/rtl/turbo_card/030_EC/030_ec_alu_regs.vhd Line: 15
Info (12021): Found 2 design units, including 1 entities, in source file rtl/turbo_card/030_ec/030_ec_alu_core.vhd
    Info (12022): Found design unit 1: cpu_030_ec_alu_core-structural File: C:/Users/nxo5/Documents/A1200_NG/rtl/turbo_card/030_EC/030_ec_alu_core.vhd Line: 33
    Info (12023): Found entity 1: cpu_030_ec_alu_core File: C:/Users/nxo5/Documents/A1200_NG/rtl/turbo_card/030_EC/030_ec_alu_core.vhd Line: 15
Info (12021): Found 2 design units, including 1 entities, in source file rtl/turbo_card/030_ec/030_ec_alu_logic.vhd
    Info (12022): Found design unit 1: cpu_030_ec_alu_logic-behavioral File: C:/Users/nxo5/Documents/A1200_NG/rtl/turbo_card/030_EC/030_ec_alu_logic.vhd Line: 31
    Info (12023): Found entity 1: cpu_030_ec_alu_logic File: C:/Users/nxo5/Documents/A1200_NG/rtl/turbo_card/030_EC/030_ec_alu_logic.vhd Line: 13
Info (12021): Found 2 design units, including 1 entities, in source file rtl/turbo_card/030_ec/030_ec_alu_shift.vhd
    Info (12022): Found design unit 1: cpu_030_ec_alu_shift-behavioral File: C:/Users/nxo5/Documents/A1200_NG/rtl/turbo_card/030_EC/030_ec_alu_shift.vhd Line: 34
    Info (12023): Found entity 1: cpu_030_ec_alu_shift File: C:/Users/nxo5/Documents/A1200_NG/rtl/turbo_card/030_EC/030_ec_alu_shift.vhd Line: 14
Info (12021): Found 2 design units, including 1 entities, in source file rtl/turbo_card/030_ec/030_ec_alu_bitops.vhd
    Info (12022): Found design unit 1: cpu_030_ec_alu_bitops-behavioral File: C:/Users/nxo5/Documents/A1200_NG/rtl/turbo_card/030_EC/030_ec_alu_bitops.vhd Line: 33
    Info (12023): Found entity 1: cpu_030_ec_alu_bitops File: C:/Users/nxo5/Documents/A1200_NG/rtl/turbo_card/030_EC/030_ec_alu_bitops.vhd Line: 13
Info (12021): Found 2 design units, including 1 entities, in source file rtl/turbo_card/030_ec/030_ec_alu_muldiv.vhd
    Info (12022): Found design unit 1: cpu_030_ec_alu_muldiv-behavioral File: C:/Users/nxo5/Documents/A1200_NG/rtl/turbo_card/030_EC/030_ec_alu_muldiv.vhd Line: 34
    Info (12023): Found entity 1: cpu_030_ec_alu_muldiv File: C:/Users/nxo5/Documents/A1200_NG/rtl/turbo_card/030_EC/030_ec_alu_muldiv.vhd Line: 14
Info (12021): Found 2 design units, including 1 entities, in source file rtl/turbo_card/030_ec/030_ec_bus_top.vhd
    Info (12022): Found design unit 1: cpu_030_ec_bus-structural File: C:/Users/nxo5/Documents/A1200_NG/rtl/turbo_card/030_EC/030_ec_bus_top.vhd Line: 72
    Info (12023): Found entity 1: cpu_030_ec_bus File: C:/Users/nxo5/Documents/A1200_NG/rtl/turbo_card/030_EC/030_ec_bus_top.vhd Line: 15
Info (12021): Found 2 design units, including 1 entities, in source file rtl/turbo_card/030_ec/030_ec_bus_fsm.vhd
    Info (12022): Found design unit 1: cpu_030_ec_bus_fsm-behavioral File: C:/Users/nxo5/Documents/A1200_NG/rtl/turbo_card/030_EC/030_ec_bus_fsm.vhd Line: 54
    Info (12023): Found entity 1: cpu_030_ec_bus_fsm File: C:/Users/nxo5/Documents/A1200_NG/rtl/turbo_card/030_EC/030_ec_bus_fsm.vhd Line: 13
Info (12021): Found 2 design units, including 1 entities, in source file rtl/turbo_card/030_ec/030_ec_bus_mux.vhd
    Info (12022): Found design unit 1: cpu_030_ec_bus_mux-behavioral File: C:/Users/nxo5/Documents/A1200_NG/rtl/turbo_card/030_EC/030_ec_bus_mux.vhd Line: 43
    Info (12023): Found entity 1: cpu_030_ec_bus_mux File: C:/Users/nxo5/Documents/A1200_NG/rtl/turbo_card/030_EC/030_ec_bus_mux.vhd Line: 15
Info (12021): Found 2 design units, including 1 entities, in source file rtl/turbo_card/030_ec/030_ec_bus_sizer.vhd
    Info (12022): Found design unit 1: cpu_030_ec_bus_sizer-behavioral File: C:/Users/nxo5/Documents/A1200_NG/rtl/turbo_card/030_EC/030_ec_bus_sizer.vhd Line: 31
    Info (12023): Found entity 1: cpu_030_ec_bus_sizer File: C:/Users/nxo5/Documents/A1200_NG/rtl/turbo_card/030_EC/030_ec_bus_sizer.vhd Line: 14
Info (12021): Found 2 design units, including 1 entities, in source file rtl/turbo_card/030_ec/030_ec_cache_top.vhd
    Info (12022): Found design unit 1: cpu_030_ec_cache_top-structural File: C:/Users/nxo5/Documents/A1200_NG/rtl/turbo_card/030_EC/030_ec_cache_top.vhd Line: 55
    Info (12023): Found entity 1: cpu_030_ec_cache_top File: C:/Users/nxo5/Documents/A1200_NG/rtl/turbo_card/030_EC/030_ec_cache_top.vhd Line: 15
Info (12021): Found 2 design units, including 1 entities, in source file rtl/turbo_card/030_ec/030_ec_cache_ctrl.vhd
    Info (12022): Found design unit 1: cpu_030_ec_cache_ctrl-structural File: C:/Users/nxo5/Documents/A1200_NG/rtl/turbo_card/030_EC/030_ec_cache_ctrl.vhd Line: 55
    Info (12023): Found entity 1: cpu_030_ec_cache_ctrl File: C:/Users/nxo5/Documents/A1200_NG/rtl/turbo_card/030_EC/030_ec_cache_ctrl.vhd Line: 15
Info (12021): Found 2 design units, including 1 entities, in source file rtl/turbo_card/030_ec/030_ec_cache_tags.vhd
    Info (12022): Found design unit 1: cpu_030_ec_cache_tags-behavioral File: C:/Users/nxo5/Documents/A1200_NG/rtl/turbo_card/030_EC/030_ec_cache_tags.vhd Line: 43
    Info (12023): Found entity 1: cpu_030_ec_cache_tags File: C:/Users/nxo5/Documents/A1200_NG/rtl/turbo_card/030_EC/030_ec_cache_tags.vhd Line: 15
Info (12021): Found 2 design units, including 1 entities, in source file rtl/turbo_card/030_ec/030_ec_cache_addr.vhd
    Info (12022): Found design unit 1: cpu_030_ec_cache_addr-behavioral File: C:/Users/nxo5/Documents/A1200_NG/rtl/turbo_card/030_EC/030_ec_cache_addr.vhd Line: 29
    Info (12023): Found entity 1: cpu_030_ec_cache_addr File: C:/Users/nxo5/Documents/A1200_NG/rtl/turbo_card/030_EC/030_ec_cache_addr.vhd Line: 13
Info (12021): Found 2 design units, including 1 entities, in source file rtl/turbo_card/030_ec/030_ec_cache_clear_unit.vhd
    Info (12022): Found design unit 1: cpu_030_ec_cache_clear_unit-behavioral File: C:/Users/nxo5/Documents/A1200_NG/rtl/turbo_card/030_EC/030_ec_cache_clear_unit.vhd Line: 31
    Info (12023): Found entity 1: cpu_030_ec_cache_clear_unit File: C:/Users/nxo5/Documents/A1200_NG/rtl/turbo_card/030_EC/030_ec_cache_clear_unit.vhd Line: 14
Info (12021): Found 2 design units, including 1 entities, in source file rtl/turbo_card/030_ec/030_ec_cache_ctrl_fsm.vhd
    Info (12022): Found design unit 1: cpu_030_ec_cache_ctrl_fsm-behavioral File: C:/Users/nxo5/Documents/A1200_NG/rtl/turbo_card/030_EC/030_ec_cache_ctrl_fsm.vhd Line: 47
    Info (12023): Found entity 1: cpu_030_ec_cache_ctrl_fsm File: C:/Users/nxo5/Documents/A1200_NG/rtl/turbo_card/030_EC/030_ec_cache_ctrl_fsm.vhd Line: 14
Critical Warning (10191): Verilog HDL Compiler Directive warning at Template.sv(61): text macro "BUILD_DATE" is undefined File: C:/Users/nxo5/Documents/A1200_NG/Template.sv Line: 61
Info (12021): Found 1 design units, including 1 entities, in source file template.sv
    Info (12023): Found entity 1: emu File: C:/Users/nxo5/Documents/A1200_NG/Template.sv Line: 10
Error (10309): VHDL Interface Declaration error in turbo_card.vhd(204): interface object "D_out" of mode out cannot be read. Change object mode to buffer. File: C:/Users/nxo5/Documents/A1200_NG/rtl/turbo_card/turbo_card.vhd Line: 204
Error (10577): VHDL error at turbo_card.vhd(204): actual port "D_out" of mode "out" cannot be associated with formal port "cpu_D_out" of mode "in" File: C:/Users/nxo5/Documents/A1200_NG/rtl/turbo_card/turbo_card.vhd Line: 204
Error (10600): VHDL error at turbo_card.vhd(204): can't read value of interface object "D_out" of mode OUT File: C:/Users/nxo5/Documents/A1200_NG/rtl/turbo_card/turbo_card.vhd Line: 204
Error (10577): VHDL error at turbo_card.vhd(205): actual port "D_in" of mode "in" cannot be associated with formal port "cpu_D_in" of mode "out" File: C:/Users/nxo5/Documents/A1200_NG/rtl/turbo_card/turbo_card.vhd Line: 205
Error (10599): VHDL error at turbo_card.vhd(205): can't update value of interface object "D_in" of mode IN File: C:/Users/nxo5/Documents/A1200_NG/rtl/turbo_card/turbo_card.vhd Line: 205
Info (144001): Generated suppressed messages file C:/Users/nxo5/Documents/A1200_NG/output_files/A1200_NG.map.smsg
Error: Quartus Prime Analysis & Synthesis was unsuccessful. 5 errors, 1 warning
    Error: Peak virtual memory: 4863 megabytes
    Error: Processing ended: Wed Aug 19 23:06:41 2026
    Error: Elapsed time: 00:00:08
    Error: Total CPU time (on all processors): 00:00:17


+------------------------------------------+
; Analysis & Synthesis Suppressed Messages ;
+------------------------------------------+
The suppressed messages can be found in C:/Users/nxo5/Documents/A1200_NG/output_files/A1200_NG.map.smsg.


